MPLINK 4.45, Linker
Linker Map File - Created Fri Nov 14 12:35:47 2025

                                 Section Info
                  Section       Type    Address   Location Size(Bytes)
                ---------  ---------  ---------  ---------  ---------
                   .org_0       code   0x000000    program   0x000002
                   .cinit    romdata   0x000001    program   0x000004
                   .org_1       code   0x000004    program   0x00008c



                              Program Memory Usage 
                               Start         End      
                           ---------   ---------      
                            0x000000    0x000002      
                            0x000004    0x000049      
            73 out of 8455 program addresses used, program memory utilization is 0%



                              Symbols - Sorted by Name
                     Name    Address   Location    Storage File                     
                ---------  ---------  ---------  --------- ---------                
             CHECK_LEVELS   0x000028    program     static C:\Users\Yi Xue Lee\Desktop\Embedded Computing\CW B\Task1.asm
                   LEVEL1   0x000045    program     static C:\Users\Yi Xue Lee\Desktop\Embedded Computing\CW B\Task1.asm
                   LEVEL2   0x000040    program     static C:\Users\Yi Xue Lee\Desktop\Embedded Computing\CW B\Task1.asm
                   LEVEL3   0x00003b    program     static C:\Users\Yi Xue Lee\Desktop\Embedded Computing\CW B\Task1.asm
                   LEVEL4   0x000036    program     static C:\Users\Yi Xue Lee\Desktop\Embedded Computing\CW B\Task1.asm
                LOOP_MAIN   0x00001b    program     static C:\Users\Yi Xue Lee\Desktop\Embedded Computing\CW B\Task1.asm
                     MAIN   0x000005    program     static C:\Users\Yi Xue Lee\Desktop\Embedded Computing\CW B\Task1.asm
                 WAIT_ADC   0x00001e    program     static C:\Users\Yi Xue Lee\Desktop\Embedded Computing\CW B\Task1.asm



                              Symbols - Sorted by Address
                     Name    Address   Location    Storage File                     
                ---------  ---------  ---------  --------- ---------                
                     MAIN   0x000005    program     static C:\Users\Yi Xue Lee\Desktop\Embedded Computing\CW B\Task1.asm
                LOOP_MAIN   0x00001b    program     static C:\Users\Yi Xue Lee\Desktop\Embedded Computing\CW B\Task1.asm
                 WAIT_ADC   0x00001e    program     static C:\Users\Yi Xue Lee\Desktop\Embedded Computing\CW B\Task1.asm
             CHECK_LEVELS   0x000028    program     static C:\Users\Yi Xue Lee\Desktop\Embedded Computing\CW B\Task1.asm
                   LEVEL4   0x000036    program     static C:\Users\Yi Xue Lee\Desktop\Embedded Computing\CW B\Task1.asm
                   LEVEL3   0x00003b    program     static C:\Users\Yi Xue Lee\Desktop\Embedded Computing\CW B\Task1.asm
                   LEVEL2   0x000040    program     static C:\Users\Yi Xue Lee\Desktop\Embedded Computing\CW B\Task1.asm
                   LEVEL1   0x000045    program     static C:\Users\Yi Xue Lee\Desktop\Embedded Computing\CW B\Task1.asm


