MPLINK 4.45, Linker
Linker Map File - Created Mon Oct 27 16:02:44 2025

                                 Section Info
                  Section       Type    Address   Location Size(Bytes)
                ---------  ---------  ---------  ---------  ---------
                   .org_0       code   0x000000    program   0x00005e
                   .cinit    romdata   0x00002f    program   0x000004



                              Program Memory Usage 
                               Start         End      
                           ---------   ---------      
                            0x000000    0x000030      
            49 out of 8455 program addresses used, program memory utilization is 0%



                              Symbols - Sorted by Name
                     Name    Address   Location    Storage File                     
                ---------  ---------  ---------  --------- ---------                
            CountFunction   0x00000f    program     static C:\Users\Yi Xue Lee\Desktop\Embedded Computing\CW C\Task_2.asm
                  EvenNum   0x000016    program     static C:\Users\Yi Xue Lee\Desktop\Embedded Computing\CW C\Task_2.asm
                     HOLD   0x00002e    program     static C:\Users\Yi Xue Lee\Desktop\Embedded Computing\CW C\Task_2.asm
                   OddNum   0x00001c    program     static C:\Users\Yi Xue Lee\Desktop\Embedded Computing\CW C\Task_2.asm
               RotateLeft   0x000018    program     static C:\Users\Yi Xue Lee\Desktop\Embedded Computing\CW C\Task_2.asm
              RotateRight   0x00001e    program     static C:\Users\Yi Xue Lee\Desktop\Embedded Computing\CW C\Task_2.asm
                   Stage3   0x000024    program     static C:\Users\Yi Xue Lee\Desktop\Embedded Computing\CW C\Task_2.asm
                   Stage4   0x000029    program     static C:\Users\Yi Xue Lee\Desktop\Embedded Computing\CW C\Task_2.asm
              StoreResult   0x000021    program     static C:\Users\Yi Xue Lee\Desktop\Embedded Computing\CW C\Task_2.asm
                     main   0x000000    program     static C:\Users\Yi Xue Lee\Desktop\Embedded Computing\CW C\Task_2.asm



                              Symbols - Sorted by Address
                     Name    Address   Location    Storage File                     
                ---------  ---------  ---------  --------- ---------                
                     main   0x000000    program     static C:\Users\Yi Xue Lee\Desktop\Embedded Computing\CW C\Task_2.asm
            CountFunction   0x00000f    program     static C:\Users\Yi Xue Lee\Desktop\Embedded Computing\CW C\Task_2.asm
                  EvenNum   0x000016    program     static C:\Users\Yi Xue Lee\Desktop\Embedded Computing\CW C\Task_2.asm
               RotateLeft   0x000018    program     static C:\Users\Yi Xue Lee\Desktop\Embedded Computing\CW C\Task_2.asm
                   OddNum   0x00001c    program     static C:\Users\Yi Xue Lee\Desktop\Embedded Computing\CW C\Task_2.asm
              RotateRight   0x00001e    program     static C:\Users\Yi Xue Lee\Desktop\Embedded Computing\CW C\Task_2.asm
              StoreResult   0x000021    program     static C:\Users\Yi Xue Lee\Desktop\Embedded Computing\CW C\Task_2.asm
                   Stage3   0x000024    program     static C:\Users\Yi Xue Lee\Desktop\Embedded Computing\CW C\Task_2.asm
                   Stage4   0x000029    program     static C:\Users\Yi Xue Lee\Desktop\Embedded Computing\CW C\Task_2.asm
                     HOLD   0x00002e    program     static C:\Users\Yi Xue Lee\Desktop\Embedded Computing\CW C\Task_2.asm


